// Jest Snapshot v1, https://goo.gl/fbAQLP

exports[`TodoItem component should render 1`] = `
<div
  className="item-container"
>
  <input
    checked={false}
    onChange={[MockFunction]}
    type="checkbox"
  />
  <span
    className=" item-desc"
    style={Object {}}
  >
    Test Task
  </span>
  <button
    onClick={[MockFunction]}
  >
    Remove
  </button>
</div>
`;
